--------------------------------------------------------------------------------
Release 14.7 Trace  (nt64)
Copyright (c) 1995-2013 Xilinx, Inc.  All rights reserved.

C:\Xilinx\14.7\ISE_DS\ISE\bin\nt64\unwrapped\trce.exe -intstyle ise -v 3 -s 4
-n 3 -fastpaths -xml alu.twx alu.ncd -o alu.twr alu.pcf

Design file:              alu.ncd
Physical constraint file: alu.pcf
Device,package,speed:     xc3s500e,fg320,-4 (PRODUCTION 1.27 2013-10-13)
Report level:             verbose report

Environment Variable      Effect 
--------------------      ------ 
NONE                      No environment variables were set
--------------------------------------------------------------------------------

INFO:Timing:2698 - No timing constraints found, doing default enumeration.
INFO:Timing:3412 - To improve timing, see the Timing Closure User Guide (UG612).
INFO:Timing:2752 - To get complete path coverage, use the unconstrained paths 
   option. All paths that are not constrained will be reported in the 
   unconstrained paths section(s) of the report.
INFO:Timing:3339 - The clock-to-out numbers in this timing report are based on 
   a 50 Ohm transmission line loading model.  For the details of this model, 
   and for more information on accounting for different loading conditions, 
   please see the device datasheet.
INFO:Timing:3390 - This architecture does not support a default System Jitter 
   value, please add SYSTEM_JITTER constraint to the UCF to modify the Clock 
   Uncertainty calculation.
INFO:Timing:3389 - This architecture does not support 'Discrete Jitter' and 
   'Phase Error' calculations, these terms will be zero in the Clock 
   Uncertainty calculation.  Please make appropriate modification to 
   SYSTEM_JITTER to account for the unsupported Discrete Jitter and Phase 
   Error.



Data Sheet report:
-----------------
All values displayed in nanoseconds (ns)

Pad to Pad
---------------+---------------+---------+
Source Pad     |Destination Pad|  Delay  |
---------------+---------------+---------+
A<0>           |ALU_RESULT<0>  |   17.524|
A<0>           |ALU_RESULT<1>  |   11.838|
A<0>           |ALU_RESULT<2>  |   12.754|
A<0>           |ALU_RESULT<3>  |   13.010|
A<0>           |ALU_RESULT<4>  |   13.151|
A<0>           |ALU_RESULT<5>  |   12.030|
A<0>           |ALU_RESULT<6>  |   11.084|
A<0>           |ALU_RESULT<7>  |   13.922|
A<0>           |ALU_RESULT<8>  |   11.626|
A<0>           |ALU_RESULT<9>  |   12.500|
A<0>           |ALU_RESULT<10> |   11.502|
A<0>           |ALU_RESULT<11> |   14.183|
A<0>           |ALU_RESULT<12> |   12.629|
A<0>           |ALU_RESULT<13> |   13.175|
A<0>           |ALU_RESULT<14> |   13.764|
A<0>           |ALU_RESULT<15> |   13.036|
A<0>           |ALU_RESULT<16> |   13.810|
A<0>           |ALU_RESULT<17> |   13.437|
A<0>           |ALU_RESULT<18> |   13.368|
A<0>           |ALU_RESULT<19> |   13.513|
A<0>           |ALU_RESULT<20> |   13.558|
A<0>           |ALU_RESULT<21> |   13.362|
A<0>           |ALU_RESULT<22> |   13.006|
A<0>           |ALU_RESULT<23> |   13.603|
A<0>           |ALU_RESULT<24> |   13.831|
A<0>           |ALU_RESULT<25> |   13.532|
A<0>           |ALU_RESULT<26> |   12.561|
A<0>           |ALU_RESULT<27> |   17.383|
A<0>           |ALU_RESULT<28> |   14.443|
A<0>           |ALU_RESULT<29> |   17.373|
A<0>           |ALU_RESULT<30> |   14.589|
A<0>           |ALU_RESULT<31> |   15.983|
A<0>           |ZERO           |   20.156|
A<1>           |ALU_RESULT<0>  |   17.443|
A<1>           |ALU_RESULT<1>  |   12.067|
A<1>           |ALU_RESULT<2>  |   12.844|
A<1>           |ALU_RESULT<3>  |   13.100|
A<1>           |ALU_RESULT<4>  |   13.241|
A<1>           |ALU_RESULT<5>  |   12.120|
A<1>           |ALU_RESULT<6>  |   11.174|
A<1>           |ALU_RESULT<7>  |   14.012|
A<1>           |ALU_RESULT<8>  |   11.716|
A<1>           |ALU_RESULT<9>  |   12.590|
A<1>           |ALU_RESULT<10> |   11.592|
A<1>           |ALU_RESULT<11> |   14.273|
A<1>           |ALU_RESULT<12> |   12.719|
A<1>           |ALU_RESULT<13> |   13.265|
A<1>           |ALU_RESULT<14> |   13.854|
A<1>           |ALU_RESULT<15> |   13.126|
A<1>           |ALU_RESULT<16> |   13.900|
A<1>           |ALU_RESULT<17> |   13.527|
A<1>           |ALU_RESULT<18> |   13.458|
A<1>           |ALU_RESULT<19> |   13.603|
A<1>           |ALU_RESULT<20> |   13.648|
A<1>           |ALU_RESULT<21> |   13.452|
A<1>           |ALU_RESULT<22> |   13.096|
A<1>           |ALU_RESULT<23> |   13.693|
A<1>           |ALU_RESULT<24> |   13.921|
A<1>           |ALU_RESULT<25> |   13.622|
A<1>           |ALU_RESULT<26> |   12.651|
A<1>           |ALU_RESULT<27> |   17.473|
A<1>           |ALU_RESULT<28> |   14.533|
A<1>           |ALU_RESULT<29> |   17.463|
A<1>           |ALU_RESULT<30> |   14.679|
A<1>           |ALU_RESULT<31> |   16.073|
A<1>           |ZERO           |   20.075|
A<2>           |ALU_RESULT<0>  |   17.767|
A<2>           |ALU_RESULT<2>  |   12.108|
A<2>           |ALU_RESULT<3>  |   12.592|
A<2>           |ALU_RESULT<4>  |   12.916|
A<2>           |ALU_RESULT<5>  |   11.795|
A<2>           |ALU_RESULT<6>  |   10.849|
A<2>           |ALU_RESULT<7>  |   13.687|
A<2>           |ALU_RESULT<8>  |   11.391|
A<2>           |ALU_RESULT<9>  |   12.265|
A<2>           |ALU_RESULT<10> |   11.267|
A<2>           |ALU_RESULT<11> |   13.948|
A<2>           |ALU_RESULT<12> |   12.394|
A<2>           |ALU_RESULT<13> |   12.940|
A<2>           |ALU_RESULT<14> |   13.529|
A<2>           |ALU_RESULT<15> |   12.801|
A<2>           |ALU_RESULT<16> |   13.575|
A<2>           |ALU_RESULT<17> |   13.202|
A<2>           |ALU_RESULT<18> |   13.133|
A<2>           |ALU_RESULT<19> |   13.278|
A<2>           |ALU_RESULT<20> |   13.323|
A<2>           |ALU_RESULT<21> |   13.127|
A<2>           |ALU_RESULT<22> |   12.771|
A<2>           |ALU_RESULT<23> |   13.368|
A<2>           |ALU_RESULT<24> |   13.596|
A<2>           |ALU_RESULT<25> |   13.297|
A<2>           |ALU_RESULT<26> |   12.326|
A<2>           |ALU_RESULT<27> |   17.148|
A<2>           |ALU_RESULT<28> |   14.208|
A<2>           |ALU_RESULT<29> |   17.138|
A<2>           |ALU_RESULT<30> |   14.354|
A<2>           |ALU_RESULT<31> |   15.748|
A<2>           |ZERO           |   20.399|
A<3>           |ALU_RESULT<0>  |   16.956|
A<3>           |ALU_RESULT<3>  |   11.618|
A<3>           |ALU_RESULT<4>  |   12.355|
A<3>           |ALU_RESULT<5>  |   11.234|
A<3>           |ALU_RESULT<6>  |   10.288|
A<3>           |ALU_RESULT<7>  |   13.126|
A<3>           |ALU_RESULT<8>  |   10.830|
A<3>           |ALU_RESULT<9>  |   11.704|
A<3>           |ALU_RESULT<10> |   10.706|
A<3>           |ALU_RESULT<11> |   13.387|
A<3>           |ALU_RESULT<12> |   11.833|
A<3>           |ALU_RESULT<13> |   12.379|
A<3>           |ALU_RESULT<14> |   12.968|
A<3>           |ALU_RESULT<15> |   12.240|
A<3>           |ALU_RESULT<16> |   13.014|
A<3>           |ALU_RESULT<17> |   12.641|
A<3>           |ALU_RESULT<18> |   12.572|
A<3>           |ALU_RESULT<19> |   12.717|
A<3>           |ALU_RESULT<20> |   12.762|
A<3>           |ALU_RESULT<21> |   12.566|
A<3>           |ALU_RESULT<22> |   12.210|
A<3>           |ALU_RESULT<23> |   12.807|
A<3>           |ALU_RESULT<24> |   13.035|
A<3>           |ALU_RESULT<25> |   12.736|
A<3>           |ALU_RESULT<26> |   11.765|
A<3>           |ALU_RESULT<27> |   16.587|
A<3>           |ALU_RESULT<28> |   13.647|
A<3>           |ALU_RESULT<29> |   16.577|
A<3>           |ALU_RESULT<30> |   13.793|
A<3>           |ALU_RESULT<31> |   15.187|
A<3>           |ZERO           |   19.588|
A<4>           |ALU_RESULT<0>  |   16.152|
A<4>           |ALU_RESULT<4>  |   11.814|
A<4>           |ALU_RESULT<5>  |   10.921|
A<4>           |ALU_RESULT<6>  |   10.158|
A<4>           |ALU_RESULT<7>  |   12.996|
A<4>           |ALU_RESULT<8>  |   10.700|
A<4>           |ALU_RESULT<9>  |   11.574|
A<4>           |ALU_RESULT<10> |   10.576|
A<4>           |ALU_RESULT<11> |   13.257|
A<4>           |ALU_RESULT<12> |   11.703|
A<4>           |ALU_RESULT<13> |   12.249|
A<4>           |ALU_RESULT<14> |   12.838|
A<4>           |ALU_RESULT<15> |   12.110|
A<4>           |ALU_RESULT<16> |   12.884|
A<4>           |ALU_RESULT<17> |   12.511|
A<4>           |ALU_RESULT<18> |   12.442|
A<4>           |ALU_RESULT<19> |   12.587|
A<4>           |ALU_RESULT<20> |   12.632|
A<4>           |ALU_RESULT<21> |   12.436|
A<4>           |ALU_RESULT<22> |   12.080|
A<4>           |ALU_RESULT<23> |   12.677|
A<4>           |ALU_RESULT<24> |   12.905|
A<4>           |ALU_RESULT<25> |   12.606|
A<4>           |ALU_RESULT<26> |   11.635|
A<4>           |ALU_RESULT<27> |   16.457|
A<4>           |ALU_RESULT<28> |   13.517|
A<4>           |ALU_RESULT<29> |   16.447|
A<4>           |ALU_RESULT<30> |   13.663|
A<4>           |ALU_RESULT<31> |   15.057|
A<4>           |ZERO           |   18.925|
A<5>           |ALU_RESULT<0>  |   15.922|
A<5>           |ALU_RESULT<5>  |   10.501|
A<5>           |ALU_RESULT<6>  |    9.549|
A<5>           |ALU_RESULT<7>  |   12.387|
A<5>           |ALU_RESULT<8>  |   10.091|
A<5>           |ALU_RESULT<9>  |   10.965|
A<5>           |ALU_RESULT<10> |    9.967|
A<5>           |ALU_RESULT<11> |   12.648|
A<5>           |ALU_RESULT<12> |   11.094|
A<5>           |ALU_RESULT<13> |   11.640|
A<5>           |ALU_RESULT<14> |   12.229|
A<5>           |ALU_RESULT<15> |   11.501|
A<5>           |ALU_RESULT<16> |   12.275|
A<5>           |ALU_RESULT<17> |   11.902|
A<5>           |ALU_RESULT<18> |   11.833|
A<5>           |ALU_RESULT<19> |   11.978|
A<5>           |ALU_RESULT<20> |   12.023|
A<5>           |ALU_RESULT<21> |   11.827|
A<5>           |ALU_RESULT<22> |   11.471|
A<5>           |ALU_RESULT<23> |   12.068|
A<5>           |ALU_RESULT<24> |   12.296|
A<5>           |ALU_RESULT<25> |   11.997|
A<5>           |ALU_RESULT<26> |   11.026|
A<5>           |ALU_RESULT<27> |   15.848|
A<5>           |ALU_RESULT<28> |   12.908|
A<5>           |ALU_RESULT<29> |   15.838|
A<5>           |ALU_RESULT<30> |   13.054|
A<5>           |ALU_RESULT<31> |   14.448|
A<5>           |ZERO           |   18.554|
A<6>           |ALU_RESULT<0>  |   16.180|
A<6>           |ALU_RESULT<6>  |    9.838|
A<6>           |ALU_RESULT<7>  |   12.093|
A<6>           |ALU_RESULT<8>  |    9.980|
A<6>           |ALU_RESULT<9>  |   10.854|
A<6>           |ALU_RESULT<10> |    9.856|
A<6>           |ALU_RESULT<11> |   12.537|
A<6>           |ALU_RESULT<12> |   10.983|
A<6>           |ALU_RESULT<13> |   11.529|
A<6>           |ALU_RESULT<14> |   12.118|
A<6>           |ALU_RESULT<15> |   11.390|
A<6>           |ALU_RESULT<16> |   12.164|
A<6>           |ALU_RESULT<17> |   11.791|
A<6>           |ALU_RESULT<18> |   11.722|
A<6>           |ALU_RESULT<19> |   11.867|
A<6>           |ALU_RESULT<20> |   11.912|
A<6>           |ALU_RESULT<21> |   11.716|
A<6>           |ALU_RESULT<22> |   11.360|
A<6>           |ALU_RESULT<23> |   11.957|
A<6>           |ALU_RESULT<24> |   12.185|
A<6>           |ALU_RESULT<25> |   11.886|
A<6>           |ALU_RESULT<26> |   10.915|
A<6>           |ALU_RESULT<27> |   15.737|
A<6>           |ALU_RESULT<28> |   12.797|
A<6>           |ALU_RESULT<29> |   15.727|
A<6>           |ALU_RESULT<30> |   12.943|
A<6>           |ALU_RESULT<31> |   14.337|
A<6>           |ZERO           |   18.812|
A<7>           |ALU_RESULT<0>  |   15.978|
A<7>           |ALU_RESULT<7>  |   12.211|
A<7>           |ALU_RESULT<8>  |    9.943|
A<7>           |ALU_RESULT<9>  |   10.817|
A<7>           |ALU_RESULT<10> |    9.819|
A<7>           |ALU_RESULT<11> |   12.500|
A<7>           |ALU_RESULT<12> |   10.946|
A<7>           |ALU_RESULT<13> |   11.492|
A<7>           |ALU_RESULT<14> |   12.081|
A<7>           |ALU_RESULT<15> |   11.353|
A<7>           |ALU_RESULT<16> |   12.127|
A<7>           |ALU_RESULT<17> |   11.754|
A<7>           |ALU_RESULT<18> |   11.685|
A<7>           |ALU_RESULT<19> |   11.830|
A<7>           |ALU_RESULT<20> |   11.875|
A<7>           |ALU_RESULT<21> |   11.679|
A<7>           |ALU_RESULT<22> |   11.323|
A<7>           |ALU_RESULT<23> |   11.920|
A<7>           |ALU_RESULT<24> |   12.148|
A<7>           |ALU_RESULT<25> |   11.849|
A<7>           |ALU_RESULT<26> |   10.878|
A<7>           |ALU_RESULT<27> |   15.700|
A<7>           |ALU_RESULT<28> |   12.760|
A<7>           |ALU_RESULT<29> |   15.690|
A<7>           |ALU_RESULT<30> |   12.906|
A<7>           |ALU_RESULT<31> |   14.300|
A<7>           |ZERO           |   18.610|
A<8>           |ALU_RESULT<0>  |   15.782|
A<8>           |ALU_RESULT<8>  |    9.661|
A<8>           |ALU_RESULT<9>  |   10.508|
A<8>           |ALU_RESULT<10> |    9.693|
A<8>           |ALU_RESULT<11> |   12.374|
A<8>           |ALU_RESULT<12> |   10.820|
A<8>           |ALU_RESULT<13> |   11.366|
A<8>           |ALU_RESULT<14> |   11.955|
A<8>           |ALU_RESULT<15> |   11.227|
A<8>           |ALU_RESULT<16> |   12.001|
A<8>           |ALU_RESULT<17> |   11.628|
A<8>           |ALU_RESULT<18> |   11.559|
A<8>           |ALU_RESULT<19> |   11.704|
A<8>           |ALU_RESULT<20> |   11.749|
A<8>           |ALU_RESULT<21> |   11.553|
A<8>           |ALU_RESULT<22> |   11.197|
A<8>           |ALU_RESULT<23> |   11.794|
A<8>           |ALU_RESULT<24> |   12.022|
A<8>           |ALU_RESULT<25> |   11.723|
A<8>           |ALU_RESULT<26> |   10.752|
A<8>           |ALU_RESULT<27> |   15.574|
A<8>           |ALU_RESULT<28> |   12.634|
A<8>           |ALU_RESULT<29> |   15.564|
A<8>           |ALU_RESULT<30> |   12.780|
A<8>           |ALU_RESULT<31> |   14.174|
A<8>           |ZERO           |   18.414|
A<9>           |ALU_RESULT<0>  |   14.727|
A<9>           |ALU_RESULT<9>  |   10.918|
A<9>           |ALU_RESULT<10> |   10.516|
A<9>           |ALU_RESULT<11> |   13.197|
A<9>           |ALU_RESULT<12> |   11.643|
A<9>           |ALU_RESULT<13> |   12.189|
A<9>           |ALU_RESULT<14> |   12.778|
A<9>           |ALU_RESULT<15> |   12.050|
A<9>           |ALU_RESULT<16> |   12.824|
A<9>           |ALU_RESULT<17> |   12.451|
A<9>           |ALU_RESULT<18> |   12.382|
A<9>           |ALU_RESULT<19> |   12.527|
A<9>           |ALU_RESULT<20> |   12.572|
A<9>           |ALU_RESULT<21> |   12.376|
A<9>           |ALU_RESULT<22> |   12.020|
A<9>           |ALU_RESULT<23> |   12.617|
A<9>           |ALU_RESULT<24> |   12.845|
A<9>           |ALU_RESULT<25> |   12.546|
A<9>           |ALU_RESULT<26> |   11.575|
A<9>           |ALU_RESULT<27> |   16.397|
A<9>           |ALU_RESULT<28> |   13.457|
A<9>           |ALU_RESULT<29> |   16.387|
A<9>           |ALU_RESULT<30> |   13.603|
A<9>           |ALU_RESULT<31> |   14.997|
A<9>           |ZERO           |   18.865|
A<10>          |ALU_RESULT<0>  |   15.388|
A<10>          |ALU_RESULT<10> |    9.199|
A<10>          |ALU_RESULT<11> |   12.108|
A<10>          |ALU_RESULT<12> |   10.737|
A<10>          |ALU_RESULT<13> |   11.283|
A<10>          |ALU_RESULT<14> |   11.872|
A<10>          |ALU_RESULT<15> |   11.144|
A<10>          |ALU_RESULT<16> |   11.918|
A<10>          |ALU_RESULT<17> |   11.545|
A<10>          |ALU_RESULT<18> |   11.476|
A<10>          |ALU_RESULT<19> |   11.621|
A<10>          |ALU_RESULT<20> |   11.666|
A<10>          |ALU_RESULT<21> |   11.470|
A<10>          |ALU_RESULT<22> |   11.114|
A<10>          |ALU_RESULT<23> |   11.711|
A<10>          |ALU_RESULT<24> |   11.939|
A<10>          |ALU_RESULT<25> |   11.640|
A<10>          |ALU_RESULT<26> |   10.669|
A<10>          |ALU_RESULT<27> |   15.491|
A<10>          |ALU_RESULT<28> |   12.551|
A<10>          |ALU_RESULT<29> |   15.481|
A<10>          |ALU_RESULT<30> |   12.697|
A<10>          |ALU_RESULT<31> |   14.091|
A<10>          |ZERO           |   18.020|
A<11>          |ALU_RESULT<0>  |   15.159|
A<11>          |ALU_RESULT<11> |   11.708|
A<11>          |ALU_RESULT<12> |   10.750|
A<11>          |ALU_RESULT<13> |   11.296|
A<11>          |ALU_RESULT<14> |   11.885|
A<11>          |ALU_RESULT<15> |   11.157|
A<11>          |ALU_RESULT<16> |   11.931|
A<11>          |ALU_RESULT<17> |   11.558|
A<11>          |ALU_RESULT<18> |   11.489|
A<11>          |ALU_RESULT<19> |   11.634|
A<11>          |ALU_RESULT<20> |   11.679|
A<11>          |ALU_RESULT<21> |   11.483|
A<11>          |ALU_RESULT<22> |   11.127|
A<11>          |ALU_RESULT<23> |   11.724|
A<11>          |ALU_RESULT<24> |   11.952|
A<11>          |ALU_RESULT<25> |   11.653|
A<11>          |ALU_RESULT<26> |   10.682|
A<11>          |ALU_RESULT<27> |   15.504|
A<11>          |ALU_RESULT<28> |   12.564|
A<11>          |ALU_RESULT<29> |   15.494|
A<11>          |ALU_RESULT<30> |   12.710|
A<11>          |ALU_RESULT<31> |   14.104|
A<11>          |ZERO           |   17.972|
A<12>          |ALU_RESULT<0>  |   15.698|
A<12>          |ALU_RESULT<12> |   10.642|
A<12>          |ALU_RESULT<13> |   10.627|
A<12>          |ALU_RESULT<14> |   11.399|
A<12>          |ALU_RESULT<15> |   10.671|
A<12>          |ALU_RESULT<16> |   11.445|
A<12>          |ALU_RESULT<17> |   11.072|
A<12>          |ALU_RESULT<18> |   11.003|
A<12>          |ALU_RESULT<19> |   11.148|
A<12>          |ALU_RESULT<20> |   11.193|
A<12>          |ALU_RESULT<21> |   10.997|
A<12>          |ALU_RESULT<22> |   10.641|
A<12>          |ALU_RESULT<23> |   11.238|
A<12>          |ALU_RESULT<24> |   11.466|
A<12>          |ALU_RESULT<25> |   11.167|
A<12>          |ALU_RESULT<26> |   10.196|
A<12>          |ALU_RESULT<27> |   15.018|
A<12>          |ALU_RESULT<28> |   12.078|
A<12>          |ALU_RESULT<29> |   15.008|
A<12>          |ALU_RESULT<30> |   12.224|
A<12>          |ALU_RESULT<31> |   13.618|
A<12>          |ZERO           |   18.330|
A<13>          |ALU_RESULT<0>  |   14.523|
A<13>          |ALU_RESULT<13> |   11.127|
A<13>          |ALU_RESULT<14> |   12.312|
A<13>          |ALU_RESULT<15> |   11.584|
A<13>          |ALU_RESULT<16> |   12.358|
A<13>          |ALU_RESULT<17> |   11.985|
A<13>          |ALU_RESULT<18> |   11.916|
A<13>          |ALU_RESULT<19> |   12.061|
A<13>          |ALU_RESULT<20> |   12.106|
A<13>          |ALU_RESULT<21> |   11.910|
A<13>          |ALU_RESULT<22> |   11.554|
A<13>          |ALU_RESULT<23> |   12.151|
A<13>          |ALU_RESULT<24> |   12.379|
A<13>          |ALU_RESULT<25> |   12.080|
A<13>          |ALU_RESULT<26> |   11.109|
A<13>          |ALU_RESULT<27> |   15.931|
A<13>          |ALU_RESULT<28> |   12.991|
A<13>          |ALU_RESULT<29> |   15.921|
A<13>          |ALU_RESULT<30> |   13.137|
A<13>          |ALU_RESULT<31> |   14.531|
A<13>          |ZERO           |   18.399|
A<14>          |ALU_RESULT<0>  |   15.075|
A<14>          |ALU_RESULT<14> |   11.154|
A<14>          |ALU_RESULT<15> |   10.654|
A<14>          |ALU_RESULT<16> |   11.611|
A<14>          |ALU_RESULT<17> |   11.238|
A<14>          |ALU_RESULT<18> |   11.169|
A<14>          |ALU_RESULT<19> |   11.314|
A<14>          |ALU_RESULT<20> |   11.359|
A<14>          |ALU_RESULT<21> |   11.163|
A<14>          |ALU_RESULT<22> |   10.807|
A<14>          |ALU_RESULT<23> |   11.404|
A<14>          |ALU_RESULT<24> |   11.632|
A<14>          |ALU_RESULT<25> |   11.333|
A<14>          |ALU_RESULT<26> |   10.362|
A<14>          |ALU_RESULT<27> |   15.184|
A<14>          |ALU_RESULT<28> |   12.244|
A<14>          |ALU_RESULT<29> |   15.174|
A<14>          |ALU_RESULT<30> |   12.390|
A<14>          |ALU_RESULT<31> |   13.784|
A<14>          |ZERO           |   17.707|
A<15>          |ALU_RESULT<0>  |   15.390|
A<15>          |ALU_RESULT<15> |   10.242|
A<15>          |ALU_RESULT<16> |   11.612|
A<15>          |ALU_RESULT<17> |   11.239|
A<15>          |ALU_RESULT<18> |   11.170|
A<15>          |ALU_RESULT<19> |   11.315|
A<15>          |ALU_RESULT<20> |   11.360|
A<15>          |ALU_RESULT<21> |   11.164|
A<15>          |ALU_RESULT<22> |   10.808|
A<15>          |ALU_RESULT<23> |   11.405|
A<15>          |ALU_RESULT<24> |   11.633|
A<15>          |ALU_RESULT<25> |   11.334|
A<15>          |ALU_RESULT<26> |   10.363|
A<15>          |ALU_RESULT<27> |   15.185|
A<15>          |ALU_RESULT<28> |   12.245|
A<15>          |ALU_RESULT<29> |   15.175|
A<15>          |ALU_RESULT<30> |   12.391|
A<15>          |ALU_RESULT<31> |   13.785|
A<15>          |ZERO           |   18.022|
A<16>          |ALU_RESULT<0>  |   15.460|
A<16>          |ALU_RESULT<16> |   10.793|
A<16>          |ALU_RESULT<17> |   10.648|
A<16>          |ALU_RESULT<18> |   10.762|
A<16>          |ALU_RESULT<19> |   10.907|
A<16>          |ALU_RESULT<20> |   10.952|
A<16>          |ALU_RESULT<21> |   10.756|
A<16>          |ALU_RESULT<22> |   10.400|
A<16>          |ALU_RESULT<23> |   10.997|
A<16>          |ALU_RESULT<24> |   11.225|
A<16>          |ALU_RESULT<25> |   10.926|
A<16>          |ALU_RESULT<26> |    9.955|
A<16>          |ALU_RESULT<27> |   14.777|
A<16>          |ALU_RESULT<28> |   11.837|
A<16>          |ALU_RESULT<29> |   14.767|
A<16>          |ALU_RESULT<30> |   11.983|
A<16>          |ALU_RESULT<31> |   13.377|
A<16>          |ZERO           |   18.092|
A<17>          |ALU_RESULT<0>  |   14.884|
A<17>          |ALU_RESULT<17> |   10.778|
A<17>          |ALU_RESULT<18> |   11.305|
A<17>          |ALU_RESULT<19> |   11.450|
A<17>          |ALU_RESULT<20> |   11.495|
A<17>          |ALU_RESULT<21> |   11.299|
A<17>          |ALU_RESULT<22> |   10.943|
A<17>          |ALU_RESULT<23> |   11.540|
A<17>          |ALU_RESULT<24> |   11.768|
A<17>          |ALU_RESULT<25> |   11.469|
A<17>          |ALU_RESULT<26> |   10.498|
A<17>          |ALU_RESULT<27> |   15.320|
A<17>          |ALU_RESULT<28> |   12.380|
A<17>          |ALU_RESULT<29> |   15.310|
A<17>          |ALU_RESULT<30> |   12.526|
A<17>          |ALU_RESULT<31> |   13.920|
A<17>          |ZERO           |   17.788|
A<18>          |ALU_RESULT<0>  |   14.539|
A<18>          |ALU_RESULT<18> |   10.803|
A<18>          |ALU_RESULT<19> |   11.176|
A<18>          |ALU_RESULT<20> |   11.404|
A<18>          |ALU_RESULT<21> |   11.208|
A<18>          |ALU_RESULT<22> |   10.852|
A<18>          |ALU_RESULT<23> |   11.449|
A<18>          |ALU_RESULT<24> |   11.677|
A<18>          |ALU_RESULT<25> |   11.378|
A<18>          |ALU_RESULT<26> |   10.407|
A<18>          |ALU_RESULT<27> |   15.229|
A<18>          |ALU_RESULT<28> |   12.289|
A<18>          |ALU_RESULT<29> |   15.219|
A<18>          |ALU_RESULT<30> |   12.435|
A<18>          |ALU_RESULT<31> |   13.829|
A<18>          |ZERO           |   17.697|
A<19>          |ALU_RESULT<0>  |   14.054|
A<19>          |ALU_RESULT<19> |   11.216|
A<19>          |ALU_RESULT<20> |   11.857|
A<19>          |ALU_RESULT<21> |   11.661|
A<19>          |ALU_RESULT<22> |   11.305|
A<19>          |ALU_RESULT<23> |   11.902|
A<19>          |ALU_RESULT<24> |   12.130|
A<19>          |ALU_RESULT<25> |   11.831|
A<19>          |ALU_RESULT<26> |   10.860|
A<19>          |ALU_RESULT<27> |   15.682|
A<19>          |ALU_RESULT<28> |   12.742|
A<19>          |ALU_RESULT<29> |   15.672|
A<19>          |ALU_RESULT<30> |   12.888|
A<19>          |ALU_RESULT<31> |   14.282|
A<19>          |ZERO           |   18.150|
A<20>          |ALU_RESULT<0>  |   14.123|
A<20>          |ALU_RESULT<20> |   11.282|
A<20>          |ALU_RESULT<21> |   11.314|
A<20>          |ALU_RESULT<22> |   11.141|
A<20>          |ALU_RESULT<23> |   11.738|
A<20>          |ALU_RESULT<24> |   11.966|
A<20>          |ALU_RESULT<25> |   11.667|
A<20>          |ALU_RESULT<26> |   10.696|
A<20>          |ALU_RESULT<27> |   15.518|
A<20>          |ALU_RESULT<28> |   12.578|
A<20>          |ALU_RESULT<29> |   15.508|
A<20>          |ALU_RESULT<30> |   12.724|
A<20>          |ALU_RESULT<31> |   14.118|
A<20>          |ZERO           |   17.986|
A<21>          |ALU_RESULT<0>  |   14.568|
A<21>          |ALU_RESULT<21> |   10.496|
A<21>          |ALU_RESULT<22> |   10.736|
A<21>          |ALU_RESULT<23> |   11.333|
A<21>          |ALU_RESULT<24> |   11.561|
A<21>          |ALU_RESULT<25> |   11.262|
A<21>          |ALU_RESULT<26> |   10.291|
A<21>          |ALU_RESULT<27> |   15.113|
A<21>          |ALU_RESULT<28> |   12.173|
A<21>          |ALU_RESULT<29> |   15.103|
A<21>          |ALU_RESULT<30> |   12.319|
A<21>          |ALU_RESULT<31> |   13.713|
A<21>          |ZERO           |   17.581|
A<22>          |ALU_RESULT<0>  |   14.240|
A<22>          |ALU_RESULT<22> |   10.427|
A<22>          |ALU_RESULT<23> |   11.252|
A<22>          |ALU_RESULT<24> |   11.663|
A<22>          |ALU_RESULT<25> |   11.364|
A<22>          |ALU_RESULT<26> |   10.393|
A<22>          |ALU_RESULT<27> |   15.215|
A<22>          |ALU_RESULT<28> |   12.275|
A<22>          |ALU_RESULT<29> |   15.205|
A<22>          |ALU_RESULT<30> |   12.421|
A<22>          |ALU_RESULT<31> |   13.815|
A<22>          |ZERO           |   17.683|
A<23>          |ALU_RESULT<0>  |   14.846|
A<23>          |ALU_RESULT<23> |   10.909|
A<23>          |ALU_RESULT<24> |   11.733|
A<23>          |ALU_RESULT<25> |   11.434|
A<23>          |ALU_RESULT<26> |   10.463|
A<23>          |ALU_RESULT<27> |   15.285|
A<23>          |ALU_RESULT<28> |   12.345|
A<23>          |ALU_RESULT<29> |   15.275|
A<23>          |ALU_RESULT<30> |   12.491|
A<23>          |ALU_RESULT<31> |   13.885|
A<23>          |ZERO           |   17.753|
A<24>          |ALU_RESULT<0>  |   14.028|
A<24>          |ALU_RESULT<24> |   11.153|
A<24>          |ALU_RESULT<25> |   11.082|
A<24>          |ALU_RESULT<26> |   10.294|
A<24>          |ALU_RESULT<27> |   15.116|
A<24>          |ALU_RESULT<28> |   12.176|
A<24>          |ALU_RESULT<29> |   15.106|
A<24>          |ALU_RESULT<30> |   12.322|
A<24>          |ALU_RESULT<31> |   13.716|
A<24>          |ZERO           |   17.584|
A<25>          |ALU_RESULT<0>  |   15.157|
A<25>          |ALU_RESULT<25> |   10.297|
A<25>          |ALU_RESULT<26> |    9.922|
A<25>          |ALU_RESULT<27> |   14.744|
A<25>          |ALU_RESULT<28> |   11.804|
A<25>          |ALU_RESULT<29> |   14.734|
A<25>          |ALU_RESULT<30> |   11.950|
A<25>          |ALU_RESULT<31> |   13.344|
A<25>          |ZERO           |   17.789|
A<26>          |ALU_RESULT<0>  |   14.624|
A<26>          |ALU_RESULT<26> |    9.133|
A<26>          |ALU_RESULT<27> |   14.183|
A<26>          |ALU_RESULT<28> |   11.426|
A<26>          |ALU_RESULT<29> |   14.356|
A<26>          |ALU_RESULT<30> |   11.572|
A<26>          |ALU_RESULT<31> |   12.966|
A<26>          |ZERO           |   17.256|
A<27>          |ALU_RESULT<0>  |   13.820|
A<27>          |ALU_RESULT<27> |   14.342|
A<27>          |ALU_RESULT<28> |   11.998|
A<27>          |ALU_RESULT<29> |   14.928|
A<27>          |ALU_RESULT<30> |   12.144|
A<27>          |ALU_RESULT<31> |   13.538|
A<27>          |ZERO           |   17.363|
A<28>          |ALU_RESULT<0>  |   14.432|
A<28>          |ALU_RESULT<28> |   11.709|
A<28>          |ALU_RESULT<29> |   14.867|
A<28>          |ALU_RESULT<30> |   12.266|
A<28>          |ALU_RESULT<31> |   13.660|
A<28>          |ZERO           |   17.302|
A<29>          |ALU_RESULT<0>  |   14.061|
A<29>          |ALU_RESULT<29> |   13.648|
A<29>          |ALU_RESULT<30> |   11.460|
A<29>          |ALU_RESULT<31> |   12.854|
A<29>          |ZERO           |   16.693|
A<30>          |ALU_RESULT<0>  |   14.075|
A<30>          |ALU_RESULT<30> |   11.125|
A<30>          |ALU_RESULT<31> |   12.747|
A<30>          |ZERO           |   16.707|
A<31>          |ALU_RESULT<0>  |   13.526|
A<31>          |ALU_RESULT<31> |   12.323|
A<31>          |ZERO           |   16.158|
ALU_CONTROL<0> |ALU_RESULT<0>  |   17.186|
ALU_CONTROL<0> |ALU_RESULT<1>  |   14.349|
ALU_CONTROL<0> |ALU_RESULT<2>  |   15.083|
ALU_CONTROL<0> |ALU_RESULT<3>  |   15.339|
ALU_CONTROL<0> |ALU_RESULT<4>  |   15.520|
ALU_CONTROL<0> |ALU_RESULT<5>  |   14.399|
ALU_CONTROL<0> |ALU_RESULT<6>  |   13.453|
ALU_CONTROL<0> |ALU_RESULT<7>  |   16.291|
ALU_CONTROL<0> |ALU_RESULT<8>  |   13.995|
ALU_CONTROL<0> |ALU_RESULT<9>  |   14.869|
ALU_CONTROL<0> |ALU_RESULT<10> |   13.871|
ALU_CONTROL<0> |ALU_RESULT<11> |   16.552|
ALU_CONTROL<0> |ALU_RESULT<12> |   14.998|
ALU_CONTROL<0> |ALU_RESULT<13> |   15.544|
ALU_CONTROL<0> |ALU_RESULT<14> |   16.133|
ALU_CONTROL<0> |ALU_RESULT<15> |   15.405|
ALU_CONTROL<0> |ALU_RESULT<16> |   16.179|
ALU_CONTROL<0> |ALU_RESULT<17> |   15.806|
ALU_CONTROL<0> |ALU_RESULT<18> |   15.737|
ALU_CONTROL<0> |ALU_RESULT<19> |   15.882|
ALU_CONTROL<0> |ALU_RESULT<20> |   15.927|
ALU_CONTROL<0> |ALU_RESULT<21> |   15.731|
ALU_CONTROL<0> |ALU_RESULT<22> |   15.375|
ALU_CONTROL<0> |ALU_RESULT<23> |   15.972|
ALU_CONTROL<0> |ALU_RESULT<24> |   16.200|
ALU_CONTROL<0> |ALU_RESULT<25> |   15.901|
ALU_CONTROL<0> |ALU_RESULT<26> |   14.930|
ALU_CONTROL<0> |ALU_RESULT<27> |   19.752|
ALU_CONTROL<0> |ALU_RESULT<28> |   16.812|
ALU_CONTROL<0> |ALU_RESULT<29> |   19.742|
ALU_CONTROL<0> |ALU_RESULT<30> |   16.958|
ALU_CONTROL<0> |ALU_RESULT<31> |   18.352|
ALU_CONTROL<0> |ZERO           |   22.220|
ALU_CONTROL<1> |ALU_RESULT<0>  |   17.044|
ALU_CONTROL<1> |ALU_RESULT<1>  |   14.207|
ALU_CONTROL<1> |ALU_RESULT<2>  |   14.941|
ALU_CONTROL<1> |ALU_RESULT<3>  |   15.197|
ALU_CONTROL<1> |ALU_RESULT<4>  |   15.690|
ALU_CONTROL<1> |ALU_RESULT<5>  |   14.257|
ALU_CONTROL<1> |ALU_RESULT<6>  |   13.311|
ALU_CONTROL<1> |ALU_RESULT<7>  |   16.149|
ALU_CONTROL<1> |ALU_RESULT<8>  |   13.853|
ALU_CONTROL<1> |ALU_RESULT<9>  |   14.727|
ALU_CONTROL<1> |ALU_RESULT<10> |   13.729|
ALU_CONTROL<1> |ALU_RESULT<11> |   16.410|
ALU_CONTROL<1> |ALU_RESULT<12> |   14.856|
ALU_CONTROL<1> |ALU_RESULT<13> |   15.402|
ALU_CONTROL<1> |ALU_RESULT<14> |   15.991|
ALU_CONTROL<1> |ALU_RESULT<15> |   15.263|
ALU_CONTROL<1> |ALU_RESULT<16> |   16.037|
ALU_CONTROL<1> |ALU_RESULT<17> |   15.664|
ALU_CONTROL<1> |ALU_RESULT<18> |   15.595|
ALU_CONTROL<1> |ALU_RESULT<19> |   15.740|
ALU_CONTROL<1> |ALU_RESULT<20> |   15.785|
ALU_CONTROL<1> |ALU_RESULT<21> |   15.589|
ALU_CONTROL<1> |ALU_RESULT<22> |   15.233|
ALU_CONTROL<1> |ALU_RESULT<23> |   15.830|
ALU_CONTROL<1> |ALU_RESULT<24> |   16.058|
ALU_CONTROL<1> |ALU_RESULT<25> |   15.759|
ALU_CONTROL<1> |ALU_RESULT<26> |   14.788|
ALU_CONTROL<1> |ALU_RESULT<27> |   19.610|
ALU_CONTROL<1> |ALU_RESULT<28> |   16.670|
ALU_CONTROL<1> |ALU_RESULT<29> |   19.600|
ALU_CONTROL<1> |ALU_RESULT<30> |   16.816|
ALU_CONTROL<1> |ALU_RESULT<31> |   18.210|
ALU_CONTROL<1> |ZERO           |   22.078|
ALU_CONTROL<2> |ALU_RESULT<0>  |   16.213|
ALU_CONTROL<2> |ALU_RESULT<1>  |   13.376|
ALU_CONTROL<2> |ALU_RESULT<2>  |   14.110|
ALU_CONTROL<2> |ALU_RESULT<3>  |   14.366|
ALU_CONTROL<2> |ALU_RESULT<4>  |   14.689|
ALU_CONTROL<2> |ALU_RESULT<5>  |   13.426|
ALU_CONTROL<2> |ALU_RESULT<6>  |   12.480|
ALU_CONTROL<2> |ALU_RESULT<7>  |   15.318|
ALU_CONTROL<2> |ALU_RESULT<8>  |   13.022|
ALU_CONTROL<2> |ALU_RESULT<9>  |   13.896|
ALU_CONTROL<2> |ALU_RESULT<10> |   12.898|
ALU_CONTROL<2> |ALU_RESULT<11> |   15.579|
ALU_CONTROL<2> |ALU_RESULT<12> |   14.025|
ALU_CONTROL<2> |ALU_RESULT<13> |   14.571|
ALU_CONTROL<2> |ALU_RESULT<14> |   15.160|
ALU_CONTROL<2> |ALU_RESULT<15> |   14.432|
ALU_CONTROL<2> |ALU_RESULT<16> |   15.206|
ALU_CONTROL<2> |ALU_RESULT<17> |   14.833|
ALU_CONTROL<2> |ALU_RESULT<18> |   14.764|
ALU_CONTROL<2> |ALU_RESULT<19> |   14.909|
ALU_CONTROL<2> |ALU_RESULT<20> |   14.954|
ALU_CONTROL<2> |ALU_RESULT<21> |   14.758|
ALU_CONTROL<2> |ALU_RESULT<22> |   14.402|
ALU_CONTROL<2> |ALU_RESULT<23> |   14.999|
ALU_CONTROL<2> |ALU_RESULT<24> |   15.227|
ALU_CONTROL<2> |ALU_RESULT<25> |   14.928|
ALU_CONTROL<2> |ALU_RESULT<26> |   13.957|
ALU_CONTROL<2> |ALU_RESULT<27> |   18.779|
ALU_CONTROL<2> |ALU_RESULT<28> |   15.839|
ALU_CONTROL<2> |ALU_RESULT<29> |   18.769|
ALU_CONTROL<2> |ALU_RESULT<30> |   15.985|
ALU_CONTROL<2> |ALU_RESULT<31> |   17.379|
ALU_CONTROL<2> |ZERO           |   21.247|
ALU_CONTROL<3> |ALU_RESULT<0>  |   16.446|
ALU_CONTROL<3> |ALU_RESULT<1>  |   13.609|
ALU_CONTROL<3> |ALU_RESULT<2>  |   14.343|
ALU_CONTROL<3> |ALU_RESULT<3>  |   14.599|
ALU_CONTROL<3> |ALU_RESULT<4>  |   14.780|
ALU_CONTROL<3> |ALU_RESULT<5>  |   13.659|
ALU_CONTROL<3> |ALU_RESULT<6>  |   12.713|
ALU_CONTROL<3> |ALU_RESULT<7>  |   15.551|
ALU_CONTROL<3> |ALU_RESULT<8>  |   13.255|
ALU_CONTROL<3> |ALU_RESULT<9>  |   14.129|
ALU_CONTROL<3> |ALU_RESULT<10> |   13.131|
ALU_CONTROL<3> |ALU_RESULT<11> |   15.812|
ALU_CONTROL<3> |ALU_RESULT<12> |   14.258|
ALU_CONTROL<3> |ALU_RESULT<13> |   14.804|
ALU_CONTROL<3> |ALU_RESULT<14> |   15.393|
ALU_CONTROL<3> |ALU_RESULT<15> |   14.665|
ALU_CONTROL<3> |ALU_RESULT<16> |   15.439|
ALU_CONTROL<3> |ALU_RESULT<17> |   15.066|
ALU_CONTROL<3> |ALU_RESULT<18> |   14.997|
ALU_CONTROL<3> |ALU_RESULT<19> |   15.142|
ALU_CONTROL<3> |ALU_RESULT<20> |   15.187|
ALU_CONTROL<3> |ALU_RESULT<21> |   14.991|
ALU_CONTROL<3> |ALU_RESULT<22> |   14.635|
ALU_CONTROL<3> |ALU_RESULT<23> |   15.232|
ALU_CONTROL<3> |ALU_RESULT<24> |   15.460|
ALU_CONTROL<3> |ALU_RESULT<25> |   15.161|
ALU_CONTROL<3> |ALU_RESULT<26> |   14.190|
ALU_CONTROL<3> |ALU_RESULT<27> |   19.012|
ALU_CONTROL<3> |ALU_RESULT<28> |   16.072|
ALU_CONTROL<3> |ALU_RESULT<29> |   19.002|
ALU_CONTROL<3> |ALU_RESULT<30> |   16.218|
ALU_CONTROL<3> |ALU_RESULT<31> |   17.612|
ALU_CONTROL<3> |ZERO           |   21.480|
B<0>           |ALU_RESULT<0>  |   16.473|
B<0>           |ALU_RESULT<1>  |   10.849|
B<0>           |ALU_RESULT<2>  |   11.765|
B<0>           |ALU_RESULT<3>  |   12.021|
B<0>           |ALU_RESULT<4>  |   12.162|
B<0>           |ALU_RESULT<5>  |   11.041|
B<0>           |ALU_RESULT<6>  |   10.095|
B<0>           |ALU_RESULT<7>  |   12.933|
B<0>           |ALU_RESULT<8>  |   10.637|
B<0>           |ALU_RESULT<9>  |   11.511|
B<0>           |ALU_RESULT<10> |   10.513|
B<0>           |ALU_RESULT<11> |   13.194|
B<0>           |ALU_RESULT<12> |   11.640|
B<0>           |ALU_RESULT<13> |   12.186|
B<0>           |ALU_RESULT<14> |   12.775|
B<0>           |ALU_RESULT<15> |   12.047|
B<0>           |ALU_RESULT<16> |   12.821|
B<0>           |ALU_RESULT<17> |   12.448|
B<0>           |ALU_RESULT<18> |   12.379|
B<0>           |ALU_RESULT<19> |   12.524|
B<0>           |ALU_RESULT<20> |   12.569|
B<0>           |ALU_RESULT<21> |   12.373|
B<0>           |ALU_RESULT<22> |   12.017|
B<0>           |ALU_RESULT<23> |   12.614|
B<0>           |ALU_RESULT<24> |   12.842|
B<0>           |ALU_RESULT<25> |   12.543|
B<0>           |ALU_RESULT<26> |   11.572|
B<0>           |ALU_RESULT<27> |   16.394|
B<0>           |ALU_RESULT<28> |   13.454|
B<0>           |ALU_RESULT<29> |   16.384|
B<0>           |ALU_RESULT<30> |   13.600|
B<0>           |ALU_RESULT<31> |   14.994|
B<0>           |ZERO           |   19.105|
B<1>           |ALU_RESULT<0>  |   15.915|
B<1>           |ALU_RESULT<1>  |   11.367|
B<1>           |ALU_RESULT<2>  |   12.696|
B<1>           |ALU_RESULT<3>  |   12.952|
B<1>           |ALU_RESULT<4>  |   13.093|
B<1>           |ALU_RESULT<5>  |   11.972|
B<1>           |ALU_RESULT<6>  |   11.026|
B<1>           |ALU_RESULT<7>  |   13.864|
B<1>           |ALU_RESULT<8>  |   11.568|
B<1>           |ALU_RESULT<9>  |   12.442|
B<1>           |ALU_RESULT<10> |   11.444|
B<1>           |ALU_RESULT<11> |   14.125|
B<1>           |ALU_RESULT<12> |   12.571|
B<1>           |ALU_RESULT<13> |   13.117|
B<1>           |ALU_RESULT<14> |   13.706|
B<1>           |ALU_RESULT<15> |   12.978|
B<1>           |ALU_RESULT<16> |   13.752|
B<1>           |ALU_RESULT<17> |   13.379|
B<1>           |ALU_RESULT<18> |   13.310|
B<1>           |ALU_RESULT<19> |   13.455|
B<1>           |ALU_RESULT<20> |   13.500|
B<1>           |ALU_RESULT<21> |   13.304|
B<1>           |ALU_RESULT<22> |   12.948|
B<1>           |ALU_RESULT<23> |   13.545|
B<1>           |ALU_RESULT<24> |   13.773|
B<1>           |ALU_RESULT<25> |   13.474|
B<1>           |ALU_RESULT<26> |   12.503|
B<1>           |ALU_RESULT<27> |   17.325|
B<1>           |ALU_RESULT<28> |   14.385|
B<1>           |ALU_RESULT<29> |   17.315|
B<1>           |ALU_RESULT<30> |   14.531|
B<1>           |ALU_RESULT<31> |   15.925|
B<1>           |ZERO           |   19.793|
B<2>           |ALU_RESULT<0>  |   15.576|
B<2>           |ALU_RESULT<2>  |   11.743|
B<2>           |ALU_RESULT<3>  |   12.227|
B<2>           |ALU_RESULT<4>  |   12.551|
B<2>           |ALU_RESULT<5>  |   11.430|
B<2>           |ALU_RESULT<6>  |   10.484|
B<2>           |ALU_RESULT<7>  |   13.322|
B<2>           |ALU_RESULT<8>  |   11.026|
B<2>           |ALU_RESULT<9>  |   11.900|
B<2>           |ALU_RESULT<10> |   10.902|
B<2>           |ALU_RESULT<11> |   13.583|
B<2>           |ALU_RESULT<12> |   12.029|
B<2>           |ALU_RESULT<13> |   12.575|
B<2>           |ALU_RESULT<14> |   13.164|
B<2>           |ALU_RESULT<15> |   12.436|
B<2>           |ALU_RESULT<16> |   13.210|
B<2>           |ALU_RESULT<17> |   12.837|
B<2>           |ALU_RESULT<18> |   12.768|
B<2>           |ALU_RESULT<19> |   12.913|
B<2>           |ALU_RESULT<20> |   12.958|
B<2>           |ALU_RESULT<21> |   12.762|
B<2>           |ALU_RESULT<22> |   12.406|
B<2>           |ALU_RESULT<23> |   13.003|
B<2>           |ALU_RESULT<24> |   13.231|
B<2>           |ALU_RESULT<25> |   12.932|
B<2>           |ALU_RESULT<26> |   11.961|
B<2>           |ALU_RESULT<27> |   16.783|
B<2>           |ALU_RESULT<28> |   13.843|
B<2>           |ALU_RESULT<29> |   16.773|
B<2>           |ALU_RESULT<30> |   13.989|
B<2>           |ALU_RESULT<31> |   15.383|
B<2>           |ZERO           |   19.251|
B<3>           |ALU_RESULT<0>  |   15.318|
B<3>           |ALU_RESULT<3>  |   11.558|
B<3>           |ALU_RESULT<4>  |   12.295|
B<3>           |ALU_RESULT<5>  |   11.174|
B<3>           |ALU_RESULT<6>  |   10.228|
B<3>           |ALU_RESULT<7>  |   13.066|
B<3>           |ALU_RESULT<8>  |   10.770|
B<3>           |ALU_RESULT<9>  |   11.644|
B<3>           |ALU_RESULT<10> |   10.646|
B<3>           |ALU_RESULT<11> |   13.327|
B<3>           |ALU_RESULT<12> |   11.773|
B<3>           |ALU_RESULT<13> |   12.319|
B<3>           |ALU_RESULT<14> |   12.908|
B<3>           |ALU_RESULT<15> |   12.180|
B<3>           |ALU_RESULT<16> |   12.954|
B<3>           |ALU_RESULT<17> |   12.581|
B<3>           |ALU_RESULT<18> |   12.512|
B<3>           |ALU_RESULT<19> |   12.657|
B<3>           |ALU_RESULT<20> |   12.702|
B<3>           |ALU_RESULT<21> |   12.506|
B<3>           |ALU_RESULT<22> |   12.150|
B<3>           |ALU_RESULT<23> |   12.747|
B<3>           |ALU_RESULT<24> |   12.975|
B<3>           |ALU_RESULT<25> |   12.676|
B<3>           |ALU_RESULT<26> |   11.705|
B<3>           |ALU_RESULT<27> |   16.527|
B<3>           |ALU_RESULT<28> |   13.587|
B<3>           |ALU_RESULT<29> |   16.517|
B<3>           |ALU_RESULT<30> |   13.733|
B<3>           |ALU_RESULT<31> |   15.127|
B<3>           |ZERO           |   18.995|
B<4>           |ALU_RESULT<0>  |   15.809|
B<4>           |ALU_RESULT<4>  |   11.267|
B<4>           |ALU_RESULT<5>  |   10.374|
B<4>           |ALU_RESULT<6>  |    9.611|
B<4>           |ALU_RESULT<7>  |   12.449|
B<4>           |ALU_RESULT<8>  |   10.153|
B<4>           |ALU_RESULT<9>  |   11.027|
B<4>           |ALU_RESULT<10> |   10.029|
B<4>           |ALU_RESULT<11> |   12.710|
B<4>           |ALU_RESULT<12> |   11.156|
B<4>           |ALU_RESULT<13> |   11.702|
B<4>           |ALU_RESULT<14> |   12.291|
B<4>           |ALU_RESULT<15> |   11.563|
B<4>           |ALU_RESULT<16> |   12.337|
B<4>           |ALU_RESULT<17> |   11.964|
B<4>           |ALU_RESULT<18> |   11.895|
B<4>           |ALU_RESULT<19> |   12.040|
B<4>           |ALU_RESULT<20> |   12.085|
B<4>           |ALU_RESULT<21> |   11.889|
B<4>           |ALU_RESULT<22> |   11.533|
B<4>           |ALU_RESULT<23> |   12.130|
B<4>           |ALU_RESULT<24> |   12.358|
B<4>           |ALU_RESULT<25> |   12.059|
B<4>           |ALU_RESULT<26> |   11.088|
B<4>           |ALU_RESULT<27> |   15.910|
B<4>           |ALU_RESULT<28> |   12.970|
B<4>           |ALU_RESULT<29> |   15.900|
B<4>           |ALU_RESULT<30> |   13.116|
B<4>           |ALU_RESULT<31> |   14.510|
B<4>           |ZERO           |   18.441|
B<5>           |ALU_RESULT<0>  |   15.298|
B<5>           |ALU_RESULT<5>  |   10.170|
B<5>           |ALU_RESULT<6>  |    9.820|
B<5>           |ALU_RESULT<7>  |   12.658|
B<5>           |ALU_RESULT<8>  |   10.362|
B<5>           |ALU_RESULT<9>  |   11.236|
B<5>           |ALU_RESULT<10> |   10.238|
B<5>           |ALU_RESULT<11> |   12.919|
B<5>           |ALU_RESULT<12> |   11.365|
B<5>           |ALU_RESULT<13> |   11.911|
B<5>           |ALU_RESULT<14> |   12.500|
B<5>           |ALU_RESULT<15> |   11.772|
B<5>           |ALU_RESULT<16> |   12.546|
B<5>           |ALU_RESULT<17> |   12.173|
B<5>           |ALU_RESULT<18> |   12.104|
B<5>           |ALU_RESULT<19> |   12.249|
B<5>           |ALU_RESULT<20> |   12.294|
B<5>           |ALU_RESULT<21> |   12.098|
B<5>           |ALU_RESULT<22> |   11.742|
B<5>           |ALU_RESULT<23> |   12.339|
B<5>           |ALU_RESULT<24> |   12.567|
B<5>           |ALU_RESULT<25> |   12.268|
B<5>           |ALU_RESULT<26> |   11.297|
B<5>           |ALU_RESULT<27> |   16.119|
B<5>           |ALU_RESULT<28> |   13.179|
B<5>           |ALU_RESULT<29> |   16.109|
B<5>           |ALU_RESULT<30> |   13.325|
B<5>           |ALU_RESULT<31> |   14.719|
B<5>           |ZERO           |   18.587|
B<6>           |ALU_RESULT<0>  |   15.659|
B<6>           |ALU_RESULT<6>  |   10.580|
B<6>           |ALU_RESULT<7>  |   13.646|
B<6>           |ALU_RESULT<8>  |   11.533|
B<6>           |ALU_RESULT<9>  |   12.407|
B<6>           |ALU_RESULT<10> |   11.409|
B<6>           |ALU_RESULT<11> |   14.090|
B<6>           |ALU_RESULT<12> |   12.536|
B<6>           |ALU_RESULT<13> |   13.082|
B<6>           |ALU_RESULT<14> |   13.671|
B<6>           |ALU_RESULT<15> |   12.943|
B<6>           |ALU_RESULT<16> |   13.717|
B<6>           |ALU_RESULT<17> |   13.344|
B<6>           |ALU_RESULT<18> |   13.275|
B<6>           |ALU_RESULT<19> |   13.420|
B<6>           |ALU_RESULT<20> |   13.465|
B<6>           |ALU_RESULT<21> |   13.269|
B<6>           |ALU_RESULT<22> |   12.913|
B<6>           |ALU_RESULT<23> |   13.510|
B<6>           |ALU_RESULT<24> |   13.738|
B<6>           |ALU_RESULT<25> |   13.439|
B<6>           |ALU_RESULT<26> |   12.468|
B<6>           |ALU_RESULT<27> |   17.290|
B<6>           |ALU_RESULT<28> |   14.350|
B<6>           |ALU_RESULT<29> |   17.280|
B<6>           |ALU_RESULT<30> |   14.496|
B<6>           |ALU_RESULT<31> |   15.890|
B<6>           |ZERO           |   19.758|
B<7>           |ALU_RESULT<0>  |   14.880|
B<7>           |ALU_RESULT<7>  |   12.579|
B<7>           |ALU_RESULT<8>  |   10.879|
B<7>           |ALU_RESULT<9>  |   11.753|
B<7>           |ALU_RESULT<10> |   10.755|
B<7>           |ALU_RESULT<11> |   13.436|
B<7>           |ALU_RESULT<12> |   11.882|
B<7>           |ALU_RESULT<13> |   12.428|
B<7>           |ALU_RESULT<14> |   13.017|
B<7>           |ALU_RESULT<15> |   12.289|
B<7>           |ALU_RESULT<16> |   13.063|
B<7>           |ALU_RESULT<17> |   12.690|
B<7>           |ALU_RESULT<18> |   12.621|
B<7>           |ALU_RESULT<19> |   12.766|
B<7>           |ALU_RESULT<20> |   12.811|
B<7>           |ALU_RESULT<21> |   12.615|
B<7>           |ALU_RESULT<22> |   12.259|
B<7>           |ALU_RESULT<23> |   12.856|
B<7>           |ALU_RESULT<24> |   13.084|
B<7>           |ALU_RESULT<25> |   12.785|
B<7>           |ALU_RESULT<26> |   11.814|
B<7>           |ALU_RESULT<27> |   16.636|
B<7>           |ALU_RESULT<28> |   13.696|
B<7>           |ALU_RESULT<29> |   16.626|
B<7>           |ALU_RESULT<30> |   13.842|
B<7>           |ALU_RESULT<31> |   15.236|
B<7>           |ZERO           |   19.104|
B<8>           |ALU_RESULT<0>  |   15.048|
B<8>           |ALU_RESULT<8>  |    9.807|
B<8>           |ALU_RESULT<9>  |   10.909|
B<8>           |ALU_RESULT<10> |   10.094|
B<8>           |ALU_RESULT<11> |   12.775|
B<8>           |ALU_RESULT<12> |   11.221|
B<8>           |ALU_RESULT<13> |   11.767|
B<8>           |ALU_RESULT<14> |   12.356|
B<8>           |ALU_RESULT<15> |   11.628|
B<8>           |ALU_RESULT<16> |   12.402|
B<8>           |ALU_RESULT<17> |   12.029|
B<8>           |ALU_RESULT<18> |   11.960|
B<8>           |ALU_RESULT<19> |   12.105|
B<8>           |ALU_RESULT<20> |   12.150|
B<8>           |ALU_RESULT<21> |   11.954|
B<8>           |ALU_RESULT<22> |   11.598|
B<8>           |ALU_RESULT<23> |   12.195|
B<8>           |ALU_RESULT<24> |   12.423|
B<8>           |ALU_RESULT<25> |   12.124|
B<8>           |ALU_RESULT<26> |   11.153|
B<8>           |ALU_RESULT<27> |   15.975|
B<8>           |ALU_RESULT<28> |   13.035|
B<8>           |ALU_RESULT<29> |   15.965|
B<8>           |ALU_RESULT<30> |   13.181|
B<8>           |ALU_RESULT<31> |   14.575|
B<8>           |ZERO           |   18.443|
B<9>           |ALU_RESULT<0>  |   15.522|
B<9>           |ALU_RESULT<9>  |   10.804|
B<9>           |ALU_RESULT<10> |   10.402|
B<9>           |ALU_RESULT<11> |   13.083|
B<9>           |ALU_RESULT<12> |   11.529|
B<9>           |ALU_RESULT<13> |   12.075|
B<9>           |ALU_RESULT<14> |   12.664|
B<9>           |ALU_RESULT<15> |   11.936|
B<9>           |ALU_RESULT<16> |   12.710|
B<9>           |ALU_RESULT<17> |   12.337|
B<9>           |ALU_RESULT<18> |   12.268|
B<9>           |ALU_RESULT<19> |   12.413|
B<9>           |ALU_RESULT<20> |   12.458|
B<9>           |ALU_RESULT<21> |   12.262|
B<9>           |ALU_RESULT<22> |   11.906|
B<9>           |ALU_RESULT<23> |   12.503|
B<9>           |ALU_RESULT<24> |   12.731|
B<9>           |ALU_RESULT<25> |   12.432|
B<9>           |ALU_RESULT<26> |   11.461|
B<9>           |ALU_RESULT<27> |   16.283|
B<9>           |ALU_RESULT<28> |   13.343|
B<9>           |ALU_RESULT<29> |   16.273|
B<9>           |ALU_RESULT<30> |   13.489|
B<9>           |ALU_RESULT<31> |   14.883|
B<9>           |ZERO           |   18.751|
B<10>          |ALU_RESULT<0>  |   15.494|
B<10>          |ALU_RESULT<10> |   10.371|
B<10>          |ALU_RESULT<11> |   13.280|
B<10>          |ALU_RESULT<12> |   11.909|
B<10>          |ALU_RESULT<13> |   12.455|
B<10>          |ALU_RESULT<14> |   13.044|
B<10>          |ALU_RESULT<15> |   12.316|
B<10>          |ALU_RESULT<16> |   13.090|
B<10>          |ALU_RESULT<17> |   12.717|
B<10>          |ALU_RESULT<18> |   12.648|
B<10>          |ALU_RESULT<19> |   12.793|
B<10>          |ALU_RESULT<20> |   12.838|
B<10>          |ALU_RESULT<21> |   12.642|
B<10>          |ALU_RESULT<22> |   12.286|
B<10>          |ALU_RESULT<23> |   12.883|
B<10>          |ALU_RESULT<24> |   13.111|
B<10>          |ALU_RESULT<25> |   12.812|
B<10>          |ALU_RESULT<26> |   11.841|
B<10>          |ALU_RESULT<27> |   16.663|
B<10>          |ALU_RESULT<28> |   13.723|
B<10>          |ALU_RESULT<29> |   16.653|
B<10>          |ALU_RESULT<30> |   13.869|
B<10>          |ALU_RESULT<31> |   15.263|
B<10>          |ZERO           |   19.131|
B<11>          |ALU_RESULT<0>  |   15.508|
B<11>          |ALU_RESULT<11> |   12.511|
B<11>          |ALU_RESULT<12> |   11.553|
B<11>          |ALU_RESULT<13> |   12.099|
B<11>          |ALU_RESULT<14> |   12.688|
B<11>          |ALU_RESULT<15> |   11.960|
B<11>          |ALU_RESULT<16> |   12.734|
B<11>          |ALU_RESULT<17> |   12.361|
B<11>          |ALU_RESULT<18> |   12.292|
B<11>          |ALU_RESULT<19> |   12.437|
B<11>          |ALU_RESULT<20> |   12.482|
B<11>          |ALU_RESULT<21> |   12.286|
B<11>          |ALU_RESULT<22> |   11.930|
B<11>          |ALU_RESULT<23> |   12.527|
B<11>          |ALU_RESULT<24> |   12.755|
B<11>          |ALU_RESULT<25> |   12.456|
B<11>          |ALU_RESULT<26> |   11.485|
B<11>          |ALU_RESULT<27> |   16.307|
B<11>          |ALU_RESULT<28> |   13.367|
B<11>          |ALU_RESULT<29> |   16.297|
B<11>          |ALU_RESULT<30> |   13.513|
B<11>          |ALU_RESULT<31> |   14.907|
B<11>          |ZERO           |   18.775|
B<12>          |ALU_RESULT<0>  |   15.127|
B<12>          |ALU_RESULT<12> |   10.928|
B<12>          |ALU_RESULT<13> |   11.319|
B<12>          |ALU_RESULT<14> |   12.091|
B<12>          |ALU_RESULT<15> |   11.363|
B<12>          |ALU_RESULT<16> |   12.137|
B<12>          |ALU_RESULT<17> |   11.764|
B<12>          |ALU_RESULT<18> |   11.695|
B<12>          |ALU_RESULT<19> |   11.840|
B<12>          |ALU_RESULT<20> |   11.885|
B<12>          |ALU_RESULT<21> |   11.689|
B<12>          |ALU_RESULT<22> |   11.333|
B<12>          |ALU_RESULT<23> |   11.930|
B<12>          |ALU_RESULT<24> |   12.158|
B<12>          |ALU_RESULT<25> |   11.859|
B<12>          |ALU_RESULT<26> |   10.888|
B<12>          |ALU_RESULT<27> |   15.710|
B<12>          |ALU_RESULT<28> |   12.770|
B<12>          |ALU_RESULT<29> |   15.700|
B<12>          |ALU_RESULT<30> |   12.916|
B<12>          |ALU_RESULT<31> |   14.310|
B<12>          |ZERO           |   18.178|
B<13>          |ALU_RESULT<0>  |   14.611|
B<13>          |ALU_RESULT<13> |   11.106|
B<13>          |ALU_RESULT<14> |   12.291|
B<13>          |ALU_RESULT<15> |   11.563|
B<13>          |ALU_RESULT<16> |   12.337|
B<13>          |ALU_RESULT<17> |   11.964|
B<13>          |ALU_RESULT<18> |   11.895|
B<13>          |ALU_RESULT<19> |   12.040|
B<13>          |ALU_RESULT<20> |   12.085|
B<13>          |ALU_RESULT<21> |   11.889|
B<13>          |ALU_RESULT<22> |   11.533|
B<13>          |ALU_RESULT<23> |   12.130|
B<13>          |ALU_RESULT<24> |   12.358|
B<13>          |ALU_RESULT<25> |   12.059|
B<13>          |ALU_RESULT<26> |   11.088|
B<13>          |ALU_RESULT<27> |   15.910|
B<13>          |ALU_RESULT<28> |   12.970|
B<13>          |ALU_RESULT<29> |   15.900|
B<13>          |ALU_RESULT<30> |   13.116|
B<13>          |ALU_RESULT<31> |   14.510|
B<13>          |ZERO           |   18.378|
B<14>          |ALU_RESULT<0>  |   15.367|
B<14>          |ALU_RESULT<14> |   11.977|
B<14>          |ALU_RESULT<15> |   11.477|
B<14>          |ALU_RESULT<16> |   12.434|
B<14>          |ALU_RESULT<17> |   12.061|
B<14>          |ALU_RESULT<18> |   11.992|
B<14>          |ALU_RESULT<19> |   12.137|
B<14>          |ALU_RESULT<20> |   12.182|
B<14>          |ALU_RESULT<21> |   11.986|
B<14>          |ALU_RESULT<22> |   11.630|
B<14>          |ALU_RESULT<23> |   12.227|
B<14>          |ALU_RESULT<24> |   12.455|
B<14>          |ALU_RESULT<25> |   12.156|
B<14>          |ALU_RESULT<26> |   11.185|
B<14>          |ALU_RESULT<27> |   16.007|
B<14>          |ALU_RESULT<28> |   13.067|
B<14>          |ALU_RESULT<29> |   15.997|
B<14>          |ALU_RESULT<30> |   13.213|
B<14>          |ALU_RESULT<31> |   14.607|
B<14>          |ZERO           |   18.475|
B<15>          |ALU_RESULT<0>  |   14.612|
B<15>          |ALU_RESULT<15> |   10.312|
B<15>          |ALU_RESULT<16> |   11.682|
B<15>          |ALU_RESULT<17> |   11.309|
B<15>          |ALU_RESULT<18> |   11.240|
B<15>          |ALU_RESULT<19> |   11.385|
B<15>          |ALU_RESULT<20> |   11.430|
B<15>          |ALU_RESULT<21> |   11.234|
B<15>          |ALU_RESULT<22> |   10.878|
B<15>          |ALU_RESULT<23> |   11.475|
B<15>          |ALU_RESULT<24> |   11.703|
B<15>          |ALU_RESULT<25> |   11.404|
B<15>          |ALU_RESULT<26> |   10.433|
B<15>          |ALU_RESULT<27> |   15.255|
B<15>          |ALU_RESULT<28> |   12.315|
B<15>          |ALU_RESULT<29> |   15.245|
B<15>          |ALU_RESULT<30> |   12.461|
B<15>          |ALU_RESULT<31> |   13.855|
B<15>          |ZERO           |   17.723|
B<16>          |ALU_RESULT<0>  |   15.326|
B<16>          |ALU_RESULT<16> |   11.927|
B<16>          |ALU_RESULT<17> |   11.782|
B<16>          |ALU_RESULT<18> |   11.896|
B<16>          |ALU_RESULT<19> |   12.041|
B<16>          |ALU_RESULT<20> |   12.086|
B<16>          |ALU_RESULT<21> |   11.890|
B<16>          |ALU_RESULT<22> |   11.534|
B<16>          |ALU_RESULT<23> |   12.131|
B<16>          |ALU_RESULT<24> |   12.359|
B<16>          |ALU_RESULT<25> |   12.060|
B<16>          |ALU_RESULT<26> |   11.089|
B<16>          |ALU_RESULT<27> |   15.911|
B<16>          |ALU_RESULT<28> |   12.971|
B<16>          |ALU_RESULT<29> |   15.901|
B<16>          |ALU_RESULT<30> |   13.117|
B<16>          |ALU_RESULT<31> |   14.511|
B<16>          |ZERO           |   18.379|
B<17>          |ALU_RESULT<0>  |   14.821|
B<17>          |ALU_RESULT<17> |   11.207|
B<17>          |ALU_RESULT<18> |   11.734|
B<17>          |ALU_RESULT<19> |   11.879|
B<17>          |ALU_RESULT<20> |   11.924|
B<17>          |ALU_RESULT<21> |   11.728|
B<17>          |ALU_RESULT<22> |   11.372|
B<17>          |ALU_RESULT<23> |   11.969|
B<17>          |ALU_RESULT<24> |   12.197|
B<17>          |ALU_RESULT<25> |   11.898|
B<17>          |ALU_RESULT<26> |   10.927|
B<17>          |ALU_RESULT<27> |   15.749|
B<17>          |ALU_RESULT<28> |   12.809|
B<17>          |ALU_RESULT<29> |   15.739|
B<17>          |ALU_RESULT<30> |   12.955|
B<17>          |ALU_RESULT<31> |   14.349|
B<17>          |ZERO           |   18.217|
B<18>          |ALU_RESULT<0>  |   15.073|
B<18>          |ALU_RESULT<18> |   10.487|
B<18>          |ALU_RESULT<19> |   10.860|
B<18>          |ALU_RESULT<20> |   11.088|
B<18>          |ALU_RESULT<21> |   10.892|
B<18>          |ALU_RESULT<22> |   10.536|
B<18>          |ALU_RESULT<23> |   11.133|
B<18>          |ALU_RESULT<24> |   11.361|
B<18>          |ALU_RESULT<25> |   11.062|
B<18>          |ALU_RESULT<26> |   10.091|
B<18>          |ALU_RESULT<27> |   14.913|
B<18>          |ALU_RESULT<28> |   11.973|
B<18>          |ALU_RESULT<29> |   14.903|
B<18>          |ALU_RESULT<30> |   12.119|
B<18>          |ALU_RESULT<31> |   13.513|
B<18>          |ZERO           |   17.705|
B<19>          |ALU_RESULT<0>  |   15.801|
B<19>          |ALU_RESULT<19> |   11.039|
B<19>          |ALU_RESULT<20> |   11.680|
B<19>          |ALU_RESULT<21> |   11.484|
B<19>          |ALU_RESULT<22> |   11.128|
B<19>          |ALU_RESULT<23> |   11.725|
B<19>          |ALU_RESULT<24> |   11.953|
B<19>          |ALU_RESULT<25> |   11.654|
B<19>          |ALU_RESULT<26> |   10.683|
B<19>          |ALU_RESULT<27> |   15.505|
B<19>          |ALU_RESULT<28> |   12.565|
B<19>          |ALU_RESULT<29> |   15.495|
B<19>          |ALU_RESULT<30> |   12.711|
B<19>          |ALU_RESULT<31> |   14.105|
B<19>          |ZERO           |   18.433|
B<20>          |ALU_RESULT<0>  |   15.831|
B<20>          |ALU_RESULT<20> |   11.162|
B<20>          |ALU_RESULT<21> |   11.194|
B<20>          |ALU_RESULT<22> |   11.021|
B<20>          |ALU_RESULT<23> |   11.618|
B<20>          |ALU_RESULT<24> |   11.846|
B<20>          |ALU_RESULT<25> |   11.547|
B<20>          |ALU_RESULT<26> |   10.576|
B<20>          |ALU_RESULT<27> |   15.398|
B<20>          |ALU_RESULT<28> |   12.458|
B<20>          |ALU_RESULT<29> |   15.388|
B<20>          |ALU_RESULT<30> |   12.604|
B<20>          |ALU_RESULT<31> |   13.998|
B<20>          |ZERO           |   18.463|
B<21>          |ALU_RESULT<0>  |   15.638|
B<21>          |ALU_RESULT<21> |   11.126|
B<21>          |ALU_RESULT<22> |   11.366|
B<21>          |ALU_RESULT<23> |   11.963|
B<21>          |ALU_RESULT<24> |   12.191|
B<21>          |ALU_RESULT<25> |   11.892|
B<21>          |ALU_RESULT<26> |   10.921|
B<21>          |ALU_RESULT<27> |   15.743|
B<21>          |ALU_RESULT<28> |   12.803|
B<21>          |ALU_RESULT<29> |   15.733|
B<21>          |ALU_RESULT<30> |   12.949|
B<21>          |ALU_RESULT<31> |   14.343|
B<21>          |ZERO           |   18.270|
B<22>          |ALU_RESULT<0>  |   15.237|
B<22>          |ALU_RESULT<22> |   11.201|
B<22>          |ALU_RESULT<23> |   12.026|
B<22>          |ALU_RESULT<24> |   12.437|
B<22>          |ALU_RESULT<25> |   12.138|
B<22>          |ALU_RESULT<26> |   11.167|
B<22>          |ALU_RESULT<27> |   15.989|
B<22>          |ALU_RESULT<28> |   13.049|
B<22>          |ALU_RESULT<29> |   15.979|
B<22>          |ALU_RESULT<30> |   13.195|
B<22>          |ALU_RESULT<31> |   14.589|
B<22>          |ZERO           |   18.457|
B<23>          |ALU_RESULT<0>  |   15.977|
B<23>          |ALU_RESULT<23> |   11.508|
B<23>          |ALU_RESULT<24> |   12.332|
B<23>          |ALU_RESULT<25> |   12.033|
B<23>          |ALU_RESULT<26> |   11.062|
B<23>          |ALU_RESULT<27> |   15.884|
B<23>          |ALU_RESULT<28> |   12.944|
B<23>          |ALU_RESULT<29> |   15.874|
B<23>          |ALU_RESULT<30> |   13.090|
B<23>          |ALU_RESULT<31> |   14.484|
B<23>          |ZERO           |   18.609|
B<24>          |ALU_RESULT<0>  |   15.797|
B<24>          |ALU_RESULT<24> |   11.923|
B<24>          |ALU_RESULT<25> |   11.852|
B<24>          |ALU_RESULT<26> |   11.064|
B<24>          |ALU_RESULT<27> |   15.886|
B<24>          |ALU_RESULT<28> |   12.946|
B<24>          |ALU_RESULT<29> |   15.876|
B<24>          |ALU_RESULT<30> |   13.092|
B<24>          |ALU_RESULT<31> |   14.486|
B<24>          |ZERO           |   18.429|
B<25>          |ALU_RESULT<0>  |   15.395|
B<25>          |ALU_RESULT<25> |   10.659|
B<25>          |ALU_RESULT<26> |    9.763|
B<25>          |ALU_RESULT<27> |   14.585|
B<25>          |ALU_RESULT<28> |   11.645|
B<25>          |ALU_RESULT<29> |   14.575|
B<25>          |ALU_RESULT<30> |   11.791|
B<25>          |ALU_RESULT<31> |   13.185|
B<25>          |ZERO           |   18.027|
B<26>          |ALU_RESULT<0>  |   14.792|
B<26>          |ALU_RESULT<26> |    9.632|
B<26>          |ALU_RESULT<27> |   14.682|
B<26>          |ALU_RESULT<28> |   11.925|
B<26>          |ALU_RESULT<29> |   14.855|
B<26>          |ALU_RESULT<30> |   12.071|
B<26>          |ALU_RESULT<31> |   13.465|
B<26>          |ZERO           |   17.424|
B<27>          |ALU_RESULT<0>  |   14.176|
B<27>          |ALU_RESULT<27> |   14.423|
B<27>          |ALU_RESULT<28> |   12.079|
B<27>          |ALU_RESULT<29> |   15.009|
B<27>          |ALU_RESULT<30> |   12.225|
B<27>          |ALU_RESULT<31> |   13.619|
B<27>          |ZERO           |   17.444|
B<28>          |ALU_RESULT<0>  |   15.806|
B<28>          |ALU_RESULT<28> |   12.064|
B<28>          |ALU_RESULT<29> |   15.222|
B<28>          |ALU_RESULT<30> |   12.621|
B<28>          |ALU_RESULT<31> |   14.015|
B<28>          |ZERO           |   18.438|
B<29>          |ALU_RESULT<0>  |   15.351|
B<29>          |ALU_RESULT<29> |   16.086|
B<29>          |ALU_RESULT<30> |   13.898|
B<29>          |ALU_RESULT<31> |   15.292|
B<29>          |ZERO           |   18.521|
B<30>          |ALU_RESULT<0>  |   16.682|
B<30>          |ALU_RESULT<30> |   12.792|
B<30>          |ALU_RESULT<31> |   14.414|
B<30>          |ZERO           |   19.314|
B<31>          |ALU_RESULT<0>  |   15.651|
B<31>          |ALU_RESULT<31> |   13.857|
B<31>          |ZERO           |   18.283|
---------------+---------------+---------+


Analysis completed Sun Oct 27 13:06:29 2024 
--------------------------------------------------------------------------------

Trace Settings:
-------------------------
Trace Settings 

Peak Memory Usage: 4509 MB



