Release 14.7 - xst P.20131013 (nt64)
Copyright (c) 1995-2013 Xilinx, Inc.  All rights reserved.
--> Parameter TMPDIR set to xst/projnav.tmp


Total REAL time to Xst completion: 0.00 secs
Total CPU time to Xst completion: 0.20 secs
 
--> Parameter xsthdpdir set to xst


Total REAL time to Xst completion: 0.00 secs
Total CPU time to Xst completion: 0.20 secs
 
--> Reading design: alu.prj

TABLE OF CONTENTS
  1) Synthesis Options Summary
  2) HDL Compilation
  3) Design Hierarchy Analysis
  4) HDL Analysis
  5) HDL Synthesis
     5.1) HDL Synthesis Report
  6) Advanced HDL Synthesis
     6.1) Advanced HDL Synthesis Report
  7) Low Level Synthesis
  8) Partition Report
  9) Final Report
	9.1) Device utilization summary
	9.2) Partition Resource Summary
	9.3) TIMING REPORT


=========================================================================
*                      Synthesis Options Summary                        *
=========================================================================
---- Source Parameters
Input File Name                    : "alu.prj"
Input Format                       : mixed
Ignore Synthesis Constraint File   : NO

---- Target Parameters
Output File Name                   : "alu"
Output Format                      : NGC
Target Device                      : xc3s500e-4-fg320

---- Source Options
Top Module Name                    : alu
Automatic FSM Extraction           : YES
FSM Encoding Algorithm             : Auto
Safe Implementation                : No
FSM Style                          : LUT
RAM Extraction                     : Yes
RAM Style                          : Auto
ROM Extraction                     : Yes
Mux Style                          : Auto
Decoder Extraction                 : YES
Priority Encoder Extraction        : Yes
Shift Register Extraction          : YES
Logical Shifter Extraction         : YES
XOR Collapsing                     : YES
ROM Style                          : Auto
Mux Extraction                     : Yes
Resource Sharing                   : YES
Asynchronous To Synchronous        : NO
Multiplier Style                   : Auto
Automatic Register Balancing       : No

---- Target Options
Add IO Buffers                     : YES
Global Maximum Fanout              : 100000
Add Generic Clock Buffer(BUFG)     : 24
Register Duplication               : YES
Slice Packing                      : YES
Optimize Instantiated Primitives   : NO
Use Clock Enable                   : Yes
Use Synchronous Set                : Yes
Use Synchronous Reset              : Yes
Pack IO Registers into IOBs        : Auto
Equivalent register Removal        : YES

---- General Options
Optimization Goal                  : Speed
Optimization Effort                : 1
Keep Hierarchy                     : No
Netlist Hierarchy                  : As_Optimized
RTL Output                         : Yes
Global Optimization                : AllClockNets
Read Cores                         : YES
Write Timing Constraints           : NO
Cross Clock Analysis               : NO
Hierarchy Separator                : /
Bus Delimiter                      : <>
Case Specifier                     : Maintain
Slice Utilization Ratio            : 100
BRAM Utilization Ratio             : 100
Verilog 2001                       : YES
Auto BRAM Packing                  : NO
Slice Utilization Ratio Delta      : 5

=========================================================================


=========================================================================
*                          HDL Compilation                              *
=========================================================================
Compiling vhdl file "D:/OmarKhaled/OmarKhaled222000009/alu.vhd" in Library work.
Architecture behavioral of Entity alu is up to date.

=========================================================================
*                     Design Hierarchy Analysis                         *
=========================================================================
Analyzing hierarchy for entity <alu> in library <work> (architecture <behavioral>).


=========================================================================
*                            HDL Analysis                               *
=========================================================================
Analyzing Entity <alu> in library <work> (Architecture <behavioral>).
Entity <alu> analyzed. Unit <alu> generated.


=========================================================================
*                           HDL Synthesis                               *
=========================================================================

Performing bidirectional port resolution...

Synthesizing Unit <alu>.
    Related source file is "D:/OmarKhaled/OmarKhaled222000009/alu.vhd".
    Found 32-bit addsub for signal <resultX$addsub0000>.
    Found 32-bit comparator less for signal <resultX$cmp_lt0000> created at line 38.
    Summary:
	inferred   1 Adder/Subtractor(s).
	inferred   1 Comparator(s).
Unit <alu> synthesized.

INFO:Xst:1767 - HDL ADVISOR - Resource sharing has identified that some arithmetic operations in this design can share the same physical resources for reduced device utilization. For improved clock frequency you may try to disable resource sharing.

=========================================================================
HDL Synthesis Report

Macro Statistics
# Adders/Subtractors                                   : 1
 32-bit addsub                                         : 1
# Comparators                                          : 1
 32-bit comparator less                                : 1

=========================================================================

=========================================================================
*                       Advanced HDL Synthesis                          *
=========================================================================


=========================================================================
Advanced HDL Synthesis Report

Macro Statistics
# Adders/Subtractors                                   : 1
 32-bit addsub                                         : 1
# Comparators                                          : 1
 32-bit comparator less                                : 1

=========================================================================

=========================================================================
*                         Low Level Synthesis                           *
=========================================================================

Optimizing unit <alu> ...

Mapping all equations...
Building and optimizing final netlist ...
Found area constraint ratio of 100 (+ 5) on block alu, actual ratio is 2.

Final Macro Processing ...

=========================================================================
Final Register Report

Found no macro
=========================================================================

=========================================================================
*                           Partition Report                            *
=========================================================================

Partition Implementation Status
-------------------------------

  No Partitions were found in this design.

-------------------------------

=========================================================================
*                            Final Report                               *
=========================================================================
Final Results
RTL Top Level Output File Name     : alu.ngr
Top Level Output File Name         : alu
Output Format                      : NGC
Optimization Goal                  : Speed
Keep Hierarchy                     : No

Design Statistics
# IOs                              : 101

Cell Usage :
# BELS                             : 280
#      GND                         : 1
#      LUT2                        : 32
#      LUT3                        : 66
#      LUT4                        : 75
#      MUXCY                       : 71
#      MUXF5                       : 2
#      VCC                         : 1
#      XORCY                       : 32
# IO Buffers                       : 101
#      IBUF                        : 68
#      OBUF                        : 33
=========================================================================

Device utilization summary:
---------------------------

Selected Device : 3s500efg320-4 

 Number of Slices:                       94  out of   4656     2%  
 Number of 4 input LUTs:                173  out of   9312     1%  
 Number of IOs:                         101
 Number of bonded IOBs:                 101  out of    232    43%  

---------------------------
Partition Resource Summary:
---------------------------

  No Partitions were found in this design.

---------------------------


=========================================================================
TIMING REPORT

NOTE: THESE TIMING NUMBERS ARE ONLY A SYNTHESIS ESTIMATE.
      FOR ACCURATE TIMING INFORMATION PLEASE REFER TO THE TRACE REPORT
      GENERATED AFTER PLACE-and-ROUTE.

Clock Information:
------------------
No clock signals found in this design

Asynchronous Control Signals Information:
----------------------------------------
No asynchronous control signals found in this design

Timing Summary:
---------------
Speed Grade: -4

   Minimum period: No path found
   Minimum input arrival time before clock: No path found
   Maximum output required time after clock: No path found
   Maximum combinational path delay: 15.441ns

Timing Detail:
--------------
All values displayed in nanoseconds (ns)

=========================================================================
Timing constraint: Default path analysis
  Total number of paths / destination ports: 8746 / 33
-------------------------------------------------------------------------
Delay:               15.441ns (Levels of Logic = 39)
  Source:            ALU_CONTROL<0> (PAD)
  Destination:       ZERO (PAD)

  Data Path: ALU_CONTROL<0> to ZERO
                                Gate     Net
    Cell:in->out      fanout   Delay   Delay  Logical Name (Net Name)
    ----------------------------------------  ------------
     IBUF:I->O            36   1.218   1.438  ALU_CONTROL_0_IBUF (ALU_CONTROL_0_IBUF)
     LUT4:I0->O           33   0.704   1.298  resultX_mux00002 (resultX_mux0000)
     LUT3:I2->O            1   0.704   0.000  Maddsub_resultX_addsub0000_lut<0> (Maddsub_resultX_addsub0000_lut<0>)
     MUXCY:S->O            1   0.464   0.000  Maddsub_resultX_addsub0000_cy<0> (Maddsub_resultX_addsub0000_cy<0>)
     MUXCY:CI->O           1   0.059   0.000  Maddsub_resultX_addsub0000_cy<1> (Maddsub_resultX_addsub0000_cy<1>)
     MUXCY:CI->O           1   0.059   0.000  Maddsub_resultX_addsub0000_cy<2> (Maddsub_resultX_addsub0000_cy<2>)
     MUXCY:CI->O           1   0.059   0.000  Maddsub_resultX_addsub0000_cy<3> (Maddsub_resultX_addsub0000_cy<3>)
     MUXCY:CI->O           1   0.059   0.000  Maddsub_resultX_addsub0000_cy<4> (Maddsub_resultX_addsub0000_cy<4>)
     MUXCY:CI->O           1   0.059   0.000  Maddsub_resultX_addsub0000_cy<5> (Maddsub_resultX_addsub0000_cy<5>)
     MUXCY:CI->O           1   0.059   0.000  Maddsub_resultX_addsub0000_cy<6> (Maddsub_resultX_addsub0000_cy<6>)
     MUXCY:CI->O           1   0.059   0.000  Maddsub_resultX_addsub0000_cy<7> (Maddsub_resultX_addsub0000_cy<7>)
     MUXCY:CI->O           1   0.059   0.000  Maddsub_resultX_addsub0000_cy<8> (Maddsub_resultX_addsub0000_cy<8>)
     MUXCY:CI->O           1   0.059   0.000  Maddsub_resultX_addsub0000_cy<9> (Maddsub_resultX_addsub0000_cy<9>)
     MUXCY:CI->O           1   0.059   0.000  Maddsub_resultX_addsub0000_cy<10> (Maddsub_resultX_addsub0000_cy<10>)
     MUXCY:CI->O           1   0.059   0.000  Maddsub_resultX_addsub0000_cy<11> (Maddsub_resultX_addsub0000_cy<11>)
     MUXCY:CI->O           1   0.059   0.000  Maddsub_resultX_addsub0000_cy<12> (Maddsub_resultX_addsub0000_cy<12>)
     MUXCY:CI->O           1   0.059   0.000  Maddsub_resultX_addsub0000_cy<13> (Maddsub_resultX_addsub0000_cy<13>)
     MUXCY:CI->O           1   0.059   0.000  Maddsub_resultX_addsub0000_cy<14> (Maddsub_resultX_addsub0000_cy<14>)
     MUXCY:CI->O           1   0.059   0.000  Maddsub_resultX_addsub0000_cy<15> (Maddsub_resultX_addsub0000_cy<15>)
     MUXCY:CI->O           1   0.059   0.000  Maddsub_resultX_addsub0000_cy<16> (Maddsub_resultX_addsub0000_cy<16>)
     MUXCY:CI->O           1   0.059   0.000  Maddsub_resultX_addsub0000_cy<17> (Maddsub_resultX_addsub0000_cy<17>)
     MUXCY:CI->O           1   0.059   0.000  Maddsub_resultX_addsub0000_cy<18> (Maddsub_resultX_addsub0000_cy<18>)
     MUXCY:CI->O           1   0.059   0.000  Maddsub_resultX_addsub0000_cy<19> (Maddsub_resultX_addsub0000_cy<19>)
     MUXCY:CI->O           1   0.059   0.000  Maddsub_resultX_addsub0000_cy<20> (Maddsub_resultX_addsub0000_cy<20>)
     MUXCY:CI->O           1   0.059   0.000  Maddsub_resultX_addsub0000_cy<21> (Maddsub_resultX_addsub0000_cy<21>)
     MUXCY:CI->O           1   0.059   0.000  Maddsub_resultX_addsub0000_cy<22> (Maddsub_resultX_addsub0000_cy<22>)
     MUXCY:CI->O           1   0.059   0.000  Maddsub_resultX_addsub0000_cy<23> (Maddsub_resultX_addsub0000_cy<23>)
     XORCY:CI->O           1   0.804   0.455  Maddsub_resultX_addsub0000_xor<24> (resultX_addsub0000<24>)
     LUT4:I2->O            2   0.704   0.622  resultX<24>32 (ALU_RESULT_24_OBUF)
     LUT4:I0->O            1   0.704   0.000  ZERO_cmp_eq0000_wg_lut<0> (ZERO_cmp_eq0000_wg_lut<0>)
     MUXCY:S->O            1   0.464   0.000  ZERO_cmp_eq0000_wg_cy<0> (ZERO_cmp_eq0000_wg_cy<0>)
     MUXCY:CI->O           1   0.059   0.000  ZERO_cmp_eq0000_wg_cy<1> (ZERO_cmp_eq0000_wg_cy<1>)
     MUXCY:CI->O           1   0.059   0.000  ZERO_cmp_eq0000_wg_cy<2> (ZERO_cmp_eq0000_wg_cy<2>)
     MUXCY:CI->O           1   0.059   0.000  ZERO_cmp_eq0000_wg_cy<3> (ZERO_cmp_eq0000_wg_cy<3>)
     MUXCY:CI->O           1   0.059   0.000  ZERO_cmp_eq0000_wg_cy<4> (ZERO_cmp_eq0000_wg_cy<4>)
     MUXCY:CI->O           1   0.059   0.000  ZERO_cmp_eq0000_wg_cy<5> (ZERO_cmp_eq0000_wg_cy<5>)
     MUXCY:CI->O           1   0.059   0.000  ZERO_cmp_eq0000_wg_cy<6> (ZERO_cmp_eq0000_wg_cy<6>)
     MUXCY:CI->O           1   0.459   0.420  ZERO_cmp_eq0000_wg_cy<7> (ZERO_OBUF)
     OBUF:I->O                 3.272          ZERO_OBUF (ZERO)
    ----------------------------------------
    Total                     15.441ns (11.208ns logic, 4.233ns route)
                                       (72.6% logic, 27.4% route)

=========================================================================


Total REAL time to Xst completion: 5.00 secs
Total CPU time to Xst completion: 5.02 secs
 
--> 

Total memory usage is 4514256 kilobytes

Number of errors   :    0 (   0 filtered)
Number of warnings :    0 (   0 filtered)
Number of infos    :    1 (   0 filtered)

